// Jest Snapshot v1, https://goo.gl/fbAQLP

exports[`Breakpoints Component should render breakpoints with columns 1`] = `
<div>
  <Breakpoint
    breakpoint={
      Object {
        "location": Object {
          "column": 2,
          "source": Object {
            "id": "server1.conn1.child1/source1",
          },
        },
      }
    }
    breakpointActions={Object {}}
    cx={Object {}}
    editor={
      Object {
        "codeMirror": Object {
          "setGutterMarker": [MockFunction],
        },
      }
    }
    editorActions={Object {}}
    key="undefined:undefined:2"
    selectedSource={
      Object {
        "get": [Function],
        "sourceId": "server1.conn1.child1/source1",
      }
    }
  />
</div>
`;
