// Jest Snapshot v1, https://goo.gl/fbAQLP

exports[`initializing when pending breakpoints exist in prefs syncs pending breakpoints 1`] = `
Object {
  "http://localhost:8000/examples/bar.js:5:2": Object {
    "astLocation": Object {
      "index": 0,
      "name": undefined,
      "offset": Object {
        "line": 5,
      },
    },
    "disabled": false,
    "generatedLocation": Object {
      "column": 2,
      "line": 5,
      "source": Object {
        "id": "",
        "url": "http://localhost:8000/examples/bar.js",
      },
      "sourceActor": null,
      "sourceActorId": undefined,
      "sourceId": "",
      "sourceUrl": "http://localhost:8000/examples/bar.js",
    },
    "location": Object {
      "column": 2,
      "line": 5,
      "source": Object {
        "id": "",
        "url": "http://localhost:8000/examples/bar.js",
      },
      "sourceActor": null,
      "sourceActorId": undefined,
      "sourceId": "",
      "sourceUrl": "http://localhost:8000/examples/bar.js",
    },
    "options": Object {
      "condition": null,
      "hidden": false,
    },
  },
}
`;
